[ 64%] Building CXX object CMakeFiles/NGFWTrafficGenerator.dir/main.cpp.o
/home/ubuntu/NGFWTrafficGen/main.cpp: In function ‘int main(int, char**)’:
/home/ubuntu/NGFWTrafficGen/main.cpp:211:9: warning: variable ‘log_level’ set but not used [-Wunused-but-set-variable]
  211 |     int log_level = 7;
      |         ^~~~~~~~~
[ 64%] Building CXX object CMakeFiles/NGFWTrafficGenerator.dir/core/packet/packet_builder.cpp.o
/home/ubuntu/NGFWTrafficGen/core/packet/packet_builder.cpp: In member function ‘uint16_t trafficgen::PacketBuilder::calculate_ip_checksum(const rte_ipv4_hdr*)’:
/home/ubuntu/NGFWTrafficGen/core/packet/packet_builder.cpp:184:69: warning: converting a packed ‘const rte_ipv4_hdr’ pointer (alignment 1) to a ‘const uint16_t’ {aka ‘const short unsigned int’} pointer (alignment 2) may result in an unaligned pointer value [-Waddress-of-packed-member]
  184 |     const uint16_t* words = reinterpret_cast<const uint16_t*>(ip_hdr);
      |                                                                     ^
/home/ubuntu/NGFWTrafficGen/core/packet/packet_builder.cpp: In member function ‘uint16_t trafficgen::PacketBuilder::calculate_pseudo_header_checksum(uint32_t, uint32_t, uint8_t, uint16_t)’:
/home/ubuntu/NGFWTrafficGen/core/packet/packet_builder.cpp:217:66: warning: converting a packed ‘trafficgen::PacketBuilder::calculate_pseudo_header_checksum(uint32_t, uint32_t, uint8_t, uint16_t)::pseudo_header’ pointer (alignment 1) to a ‘const uint16_t’ {aka ‘const short unsigned int’} pointer (alignment 2) may result in an unaligned pointer value [-Waddress-of-packed-member]
  217 |     const uint16_t* words = reinterpret_cast<const uint16_t*>(&ph);
      |                                                                  ^
/home/ubuntu/NGFWTrafficGen/core/packet/packet_builder.cpp:201:12: note: defined here
  201 |     struct pseudo_header {
      |            ^~~~~~~~~~~~~
/home/ubuntu/NGFWTrafficGen/core/packet/packet_builder.cpp:220:23: warning: ‘ph’ is used uninitialized [-Wuninitialized]
  220 |         sum += words[i];
      |                ~~~~~~~^
/home/ubuntu/NGFWTrafficGen/core/packet/packet_builder.cpp:209:19: note: ‘ph’ declared here
  209 |     pseudo_header ph;
      |                   ^~
[ 64%] Building CXX object CMakeFiles/NGFWTrafficGenerator.dir/core/packet/packet_mutator.cpp.o
[ 64%] Building CXX object CMakeFiles/NGFWTrafficGenerator.dir/core/scheduler/flow_scheduler.cpp.o
[ 64%] Building CXX object CMakeFiles/NGFWTrafficGenerator.dir/core/stats/metrics_collector.cpp.o
/home/ubuntu/NGFWTrafficGen/core/stats/metrics_collector.cpp: In member function ‘trafficgen::CoreStats trafficgen::MetricsCollector::get_core_stats(uint32_t) const’:
/home/ubuntu/NGFWTrafficGen/core/stats/metrics_collector.cpp:81:35: error: use of deleted function ‘trafficgen::CoreStats::CoreStats(const trafficgen::CoreStats&)’
   81 |     return per_core_stats_[core_id];
      |                                   ^
In file included from /home/ubuntu/NGFWTrafficGen/core/stats/metrics_collector.hpp:3,
                 from /home/ubuntu/NGFWTrafficGen/core/stats/metrics_collector.cpp:1:
/home/ubuntu/NGFWTrafficGen/core/common/types.hpp:61:8: note: ‘trafficgen::CoreStats::CoreStats(const trafficgen::CoreStats&)’ is implicitly deleted because the default definition would be ill-formed:
   61 | struct CoreStats {
      |        ^~~~~~~~~
/home/ubuntu/NGFWTrafficGen/core/common/types.hpp:61:8: error: use of deleted function ‘std::atomic<long unsigned int>::atomic(const std::atomic<long unsigned int>&)’
In file included from /home/ubuntu/NGFWTrafficGen/core/common/types.hpp:7:
/usr/include/c++/13/atomic:898:7: note: declared here
  898 |       atomic(const atomic&) = delete;
      |       ^~~~~~
/home/ubuntu/NGFWTrafficGen/core/common/types.hpp:61:8: error: use of deleted function ‘std::atomic<long unsigned int>::atomic(const std::atomic<long unsigned int>&)’
   61 | struct CoreStats {
      |        ^~~~~~~~~
/usr/include/c++/13/atomic:898:7: note: declared here
  898 |       atomic(const atomic&) = delete;
      |       ^~~~~~
/home/ubuntu/NGFWTrafficGen/core/common/types.hpp:61:8: error: use of deleted function ‘std::atomic<long unsigned int>::atomic(const std::atomic<long unsigned int>&)’
   61 | struct CoreStats {
      |        ^~~~~~~~~
/usr/include/c++/13/atomic:898:7: note: declared here
  898 |       atomic(const atomic&) = delete;
      |       ^~~~~~
/home/ubuntu/NGFWTrafficGen/core/common/types.hpp:61:8: error: use of deleted function ‘std::atomic<long unsigned int>::atomic(const std::atomic<long unsigned int>&)’
   61 | struct CoreStats {
      |        ^~~~~~~~~
/usr/include/c++/13/atomic:898:7: note: declared here
  898 |       atomic(const atomic&) = delete;
      |       ^~~~~~
/home/ubuntu/NGFWTrafficGen/core/common/types.hpp:61:8: error: use of deleted function ‘std::atomic<long unsigned int>::atomic(const std::atomic<long unsigned int>&)’
   61 | struct CoreStats {
      |        ^~~~~~~~~
/usr/include/c++/13/atomic:898:7: note: declared here
  898 |       atomic(const atomic&) = delete;
      |       ^~~~~~
/home/ubuntu/NGFWTrafficGen/core/stats/metrics_collector.cpp: In member function ‘trafficgen::CoreStats trafficgen::MetricsCollector::get_global_stats() const’:
/home/ubuntu/NGFWTrafficGen/core/stats/metrics_collector.cpp:108:12: error: use of deleted function ‘trafficgen::CoreStats::CoreStats(trafficgen::CoreStats&&)’
  108 |     return aggregated;
      |            ^~~~~~~~~~
/home/ubuntu/NGFWTrafficGen/core/common/types.hpp:61:8: note: ‘trafficgen::CoreStats::CoreStats(trafficgen::CoreStats&&)’ is implicitly deleted because the default definition would be ill-formed:
   61 | struct CoreStats {
      |        ^~~~~~~~~
/home/ubuntu/NGFWTrafficGen/core/common/types.hpp:61:8: error: use of deleted function ‘std::atomic<long unsigned int>::atomic(const std::atomic<long unsigned int>&)’
/usr/include/c++/13/atomic:898:7: note: declared here
  898 |       atomic(const atomic&) = delete;
      |       ^~~~~~
/home/ubuntu/NGFWTrafficGen/core/common/types.hpp:61:8: error: use of deleted function ‘std::atomic<long unsigned int>::atomic(const std::atomic<long unsigned int>&)’
   61 | struct CoreStats {
      |        ^~~~~~~~~
/usr/include/c++/13/atomic:898:7: note: declared here
  898 |       atomic(const atomic&) = delete;
      |       ^~~~~~
/home/ubuntu/NGFWTrafficGen/core/common/types.hpp:61:8: error: use of deleted function ‘std::atomic<long unsigned int>::atomic(const std::atomic<long unsigned int>&)’
   61 | struct CoreStats {
      |        ^~~~~~~~~
/usr/include/c++/13/atomic:898:7: note: declared here
  898 |       atomic(const atomic&) = delete;
      |       ^~~~~~
/home/ubuntu/NGFWTrafficGen/core/common/types.hpp:61:8: error: use of deleted function ‘std::atomic<long unsigned int>::atomic(const std::atomic<long unsigned int>&)’
   61 | struct CoreStats {
      |        ^~~~~~~~~
/usr/include/c++/13/atomic:898:7: note: declared here
  898 |       atomic(const atomic&) = delete;
      |       ^~~~~~
/home/ubuntu/NGFWTrafficGen/core/common/types.hpp:61:8: error: use of deleted function ‘std::atomic<long unsigned int>::atomic(const std::atomic<long unsigned int>&)’
   61 | struct CoreStats {
      |        ^~~~~~~~~
/usr/include/c++/13/atomic:898:7: note: declared here
  898 |       atomic(const atomic&) = delete;
      |       ^~~~~~
In file included from /usr/include/c++/13/vector:65,
                 from /home/ubuntu/NGFWTrafficGen/core/common/types.hpp:5:
/usr/include/c++/13/bits/stl_uninitialized.h: In instantiation of ‘constexpr bool std::__check_constructible() [with _ValueType = trafficgen::CoreStats; _Tp = const trafficgen::CoreStats&]’:
/usr/include/c++/13/bits/stl_uninitialized.h:182:4:   required from ‘_ForwardIterator std::uninitialized_copy(_InputIterator, _InputIterator, _ForwardIterator) [with _InputIterator = __gnu_cxx::__normal_iterator<const trafficgen::CoreStats*, vector<trafficgen::CoreStats> >; _ForwardIterator = trafficgen::CoreStats*]’
/usr/include/c++/13/bits/stl_uninitialized.h:373:37:   required from ‘_ForwardIterator std::__uninitialized_copy_a(_InputIterator, _InputIterator, _ForwardIterator, allocator<_Tp>&) [with _InputIterator = __gnu_cxx::__normal_iterator<const trafficgen::CoreStats*, vector<trafficgen::CoreStats> >; _ForwardIterator = trafficgen::CoreStats*; _Tp = trafficgen::CoreStats]’
/usr/include/c++/13/bits/stl_vector.h:606:31:   required from ‘std::vector<_Tp, _Alloc>::vector(const std::vector<_Tp, _Alloc>&) [with _Tp = trafficgen::CoreStats; _Alloc = std::allocator<trafficgen::CoreStats>]’
/home/ubuntu/NGFWTrafficGen/core/stats/metrics_collector.cpp:113:12:   required from here
/usr/include/c++/13/bits/stl_uninitialized.h:90:56: error: static assertion failed: result type must be constructible from input type
   90 |       static_assert(is_constructible<_ValueType, _Tp>::value,
      |                                                        ^~~~~
/usr/include/c++/13/bits/stl_uninitialized.h:90:56: note: ‘std::integral_constant<bool, false>::value’ evaluates to false
/usr/include/c++/13/bits/stl_uninitialized.h: In instantiation of ‘constexpr bool std::__check_constructible() [with _ValueType = trafficgen::CoreStats; _Tp = trafficgen::CoreStats&&]’:
/usr/include/c++/13/bits/stl_uninitialized.h:182:4:   required from ‘_ForwardIterator std::uninitialized_copy(_InputIterator, _InputIterator, _ForwardIterator) [with _InputIterator = move_iterator<trafficgen::CoreStats*>; _ForwardIterator = trafficgen::CoreStats*]’
/usr/include/c++/13/bits/stl_uninitialized.h:373:37:   required from ‘_ForwardIterator std::__uninitialized_copy_a(_InputIterator, _InputIterator, _ForwardIterator, allocator<_Tp>&) [with _InputIterator = move_iterator<trafficgen::CoreStats*>; _ForwardIterator = trafficgen::CoreStats*; _Tp = trafficgen::CoreStats]’
/usr/include/c++/13/bits/stl_uninitialized.h:399:2:   required from ‘_ForwardIterator std::__uninitialized_move_if_noexcept_a(_InputIterator, _InputIterator, _ForwardIterator, _Allocator&) [with _InputIterator = trafficgen::CoreStats*; _ForwardIterator = trafficgen::CoreStats*; _Allocator = allocator<trafficgen::CoreStats>]’
/usr/include/c++/13/bits/vector.tcc:687:48:   required from ‘void std::vector<_Tp, _Alloc>::_M_default_append(size_type) [with _Tp = trafficgen::CoreStats; _Alloc = std::allocator<trafficgen::CoreStats>; size_type = long unsigned int]’
/usr/include/c++/13/bits/stl_vector.h:1016:4:   required from ‘void std::vector<_Tp, _Alloc>::resize(size_type) [with _Tp = trafficgen::CoreStats; _Alloc = std::allocator<trafficgen::CoreStats>; size_type = long unsigned int]’
/home/ubuntu/NGFWTrafficGen/core/stats/metrics_collector.cpp:33:27:   required from here
/usr/include/c++/13/bits/stl_uninitialized.h:90:56: error: static assertion failed: result type must be constructible from input type
/usr/include/c++/13/bits/stl_uninitialized.h:90:56: note: ‘std::integral_constant<bool, false>::value’ evaluates to false
make[2]: *** [CMakeFiles/NGFWTrafficGenerator.dir/build.make:201: CMakeFiles/NGFWTrafficGenerator.dir/core/stats/metrics_collector.cpp.o] Error 1
make[1]: *** [CMakeFiles/Makefile2:972: CMakeFiles/NGFWTrafficGenerator.dir/all] Error 2
make: *** [Makefile:156: all] Error 2
